// Jest Snapshot v1, https://goo.gl/fbAQLP

exports[`<ChatMain /> should render correctly 1`] = `
<div
  className="chat-container"
/>
`;
