// Jest Snapshot v1, https://goo.gl/fbAQLP

exports[`<ChatMenu /> should render correctly 1`] = `
<aside
  className="chat-menu"
>
  <section
    className="chat-menu-container"
  >
    <nav
      className="minibar"
    >
      <div
        className="minibar-inner"
      >
        <ul>
          <li
            className="minibar-convos"
          >
            <a
              className="minibar-button"
              onClick={[Function]}
              style={Object {}}
            >
              G
            </a>
          </li>
          <li
            className="minibar-search"
          >
            <button
              className="minibar-button minibar-button-search"
              onClick={[Function]}
            >
              Q
            </button>
          </li>
        </ul>
      </div>
    </nav>
    <section
      className="chat-menu-panel "
      onMouseLeave={[Function]}
    >
      <div
        className="brand-container"
      >
        Gitter Clone
      </div>
      <header
        className="panel-header"
      >
        <div
          className="panel-header-convos"
        >
          <h2>
            All Conversations
          </h2>
        </div>
      </header>
      <div
        className="panel-inner"
      >
        <footer
          className="panel-footer"
        >
          <div
            className="panel-footer-convos"
          >
            <button
              className="create-rooom-button"
              onClick={[Function]}
            >
              Add a room
            </button>
            <noscript />
          </div>
        </footer>
        <div
          className="panel-content scroller"
        >
          <section
            className="primary-collection"
          >
            <div
              className="convo-item"
            >
              <a
                className="convo-item-container"
                onClick={[Function]}
                style={Object {}}
              >
                <img
                  alt="chat2"
                  className="convo-item-avatar"
                  src="http://i.pravatar.cc/22?u=chat2"
                />
                <h2
                  className="convo-item-title"
                >
                  chat2
                </h2>
              </a>
            </div>
          </section>
        </div>
      </div>
    </section>
  </section>
</aside>
`;
