// Jest Snapshot v1, https://goo.gl/fbAQLP

exports[`<CreateRoomModal /> should render correctly 1`] = `<noscript />`;
