// Jest Snapshot v1, https://goo.gl/fbAQLP

exports[`<SignInModal /> should render correctly 1`] = `<noscript />`;
